AR ife ife /home/shinno/cpu/sowaka/siki/ife.vhd sub00/vhpl15 1454834060
EN finvtable NULL /home/shinno/cpu/sowaka/siki/finvtable.vhd sub00/vhpl20 1454834032
AR mem mem /home/shinno/cpu/sowaka/siki/mem.vhd sub00/vhpl09 1454834066
EN finv NULL /home/shinno/cpu/sowaka/siki/finv_pl.vhd sub00/vhpl27 1454834039
AR siki siki /home/shinno/cpu/sowaka/siki/siki.vhd sub00/vhpl13 1454834068
EN itof_pl NULL /home/shinno/cpu/sowaka/siki/conv.vhd sub00/vhpl31 1454834043
AR fsqrt_pl twoproc_pipeline /home/shinno/cpu/sowaka/siki/fsqrt_pl.vhd sub00/vhpl30 1454834042
AR output_buf output_buf_a /home/shinno/cpu/sowaka/project/siki/ipcore_dir/output_buf.vhd sub00/vhpl40 1454834054
AR fifo8 fifo8_a /home/shinno/cpu/sowaka/project/siki/ipcore_dir/fifo8.vhd sub00/vhpl38 1454834052
EN id NULL /home/shinno/cpu/sowaka/siki/id.vhd sub00/vhpl04 1454834061
EN ftoi_pl NULL /home/shinno/cpu/sowaka/siki/trnc.vhd sub00/vhpl33 1454834045
EN fmul_pl NULL /home/shinno/cpu/sowaka/siki/fmul_pl.vhd sub00/vhpl25 1454834037
PH fpu_common_p NULL /home/shinno/cpu/sowaka/siki/fpu_common.vhd sub00/vhpl16 1454834028
EN mem NULL /home/shinno/cpu/sowaka/siki/mem.vhd sub00/vhpl08 1454834065
EN bram NULL /home/shinno/cpu/sowaka/project/siki/ipcore_dir/BRAM.vhd sub00/vhpl11 1454834047
PH fmul_p NULL /home/shinno/cpu/sowaka/siki/fmul.vhd sub00/vhpl41 1454570855
AR tx tx /home/shinno/cpu/sowaka/siki/tx.vhd sub00/vhpl03 1454834058
EN siki NULL /home/shinno/cpu/sowaka/siki/siki.vhd sub00/vhpl10 1454834067
AR id id /home/shinno/cpu/sowaka/siki/id.vhd sub00/vhpl05 1454834062
PH fadd_p NULL /home/shinno/cpu/sowaka/siki/fadd.vhd sub00/vhpl22 1454834034
AR finvtable behavioral /home/shinno/cpu/sowaka/siki/finvtable.vhd sub00/vhpl21 1454834033
AR ftoi_pl behavior /home/shinno/cpu/sowaka/siki/trnc.vhd sub00/vhpl34 1454834046
AR alu alu /home/shinno/cpu/sowaka/siki/ALU.vhd sub00/vhpl07 1454834064
EN rx NULL /home/shinno/cpu/sowaka/siki/rx.vhd sub00/vhpl00 1454834055
AR bram bram_a /home/shinno/cpu/sowaka/project/siki/ipcore_dir/BRAM.vhd sub00/vhpl12 1454834048
EN tx NULL /home/shinno/cpu/sowaka/siki/tx.vhd sub00/vhpl02 1454834057
AR fsqrttable behavioral /home/shinno/cpu/sowaka/siki/fsqrttable.vhd sub00/vhpl19 1454834031
PB fpu_common_p fpu_common_p /home/shinno/cpu/sowaka/siki/fpu_common.vhd sub00/vhpl17 1454834029
AR fmul blackbox /home/shinno/cpu/sowaka/siki/fmul.vhd sub00/vhpl43 1454570857
EN fifo8 NULL /home/shinno/cpu/sowaka/project/siki/ipcore_dir/fifo8.vhd sub00/vhpl37 1454834051
AR clk_changer behavioral /home/shinno/cpu/sowaka/project/siki/clk_changer.vhd sub00/vhpl36 1454834050
EN fadd NULL /home/shinno/cpu/sowaka/siki/fadd.vhd sub00/vhpl23 1454834035
EN ife NULL /home/shinno/cpu/sowaka/siki/ife.vhd sub00/vhpl14 1454834059
EN fmul NULL /home/shinno/cpu/sowaka/siki/fmul.vhd sub00/vhpl42 1454570856
AR fmul_pl dataflow_pipeline /home/shinno/cpu/sowaka/siki/fmul_pl.vhd sub00/vhpl26 1454834038
EN output_buf NULL /home/shinno/cpu/sowaka/project/siki/ipcore_dir/output_buf.vhd sub00/vhpl39 1454834053
AR finv twoproc_pipeline /home/shinno/cpu/sowaka/siki/finv_pl.vhd sub00/vhpl28 1454834040
EN clk_changer NULL /home/shinno/cpu/sowaka/project/siki/clk_changer.vhd sub00/vhpl35 1454834049
EN fsqrt_pl NULL /home/shinno/cpu/sowaka/siki/fsqrt_pl.vhd sub00/vhpl29 1454834041
AR rx rx /home/shinno/cpu/sowaka/siki/rx.vhd sub00/vhpl01 1454834056
AR itof_pl behavior /home/shinno/cpu/sowaka/siki/conv.vhd sub00/vhpl32 1454834044
EN fsqrttable NULL /home/shinno/cpu/sowaka/siki/fsqrttable.vhd sub00/vhpl18 1454834030
AR fadd blackbox /home/shinno/cpu/sowaka/siki/fadd.vhd sub00/vhpl24 1454834036
EN alu NULL /home/shinno/cpu/sowaka/siki/ALU.vhd sub00/vhpl06 1454834063
