AR ife ife /home/shinno/cpu/sowaka/hannya/ife.vhd sub00/vhpl30 1455797303
AR hannya hannya /home/shinno/cpu/sowaka/hannya/hannya.vhd sub00/vhpl38 1455797311
EN finvtable NULL /home/shinno/cpu/sowaka/hannya/finvtable.vhd sub00/vhpl04 1455797274
AR mem mem /home/shinno/cpu/sowaka/hannya/mem.vhd sub00/vhpl36 1455797309
EN finv NULL /home/shinno/cpu/sowaka/hannya/finv_pl.vhd sub00/vhpl11 1455797282
EN itof_pl NULL /home/shinno/cpu/sowaka/hannya/conv.vhd sub00/vhpl15 1455797286
EN hannya NULL /home/shinno/cpu/sowaka/hannya/hannya.vhd sub00/vhpl37 1455797310
AR fsqrt_pl twoproc_pipeline /home/shinno/cpu/sowaka/hannya/fsqrt_pl.vhd sub00/vhpl14 1455797285
AR output_buf output_buf_a /home/shinno/cpu/sowaka/project/hannya/ipcore_dir/output_buf.vhd sub00/vhpl24 1455797297
AR fifo8 fifo8_a /home/shinno/cpu/sowaka/project/hannya/ipcore_dir/fifo8.vhd sub00/vhpl22 1455797295
EN ftoi_pl NULL /home/shinno/cpu/sowaka/hannya/trnc.vhd sub00/vhpl17 1455797288
EN id NULL /home/shinno/cpu/sowaka/hannya/id.vhd sub00/vhpl31 1455797304
EN fmul_pl NULL /home/shinno/cpu/sowaka/hannya/fmul_pl.vhd sub00/vhpl09 1455359901
PH fpu_common_p NULL /home/shinno/cpu/sowaka/hannya/fpu_common.vhd sub00/vhpl00 1455797270
EN mem NULL /home/shinno/cpu/sowaka/hannya/mem.vhd sub00/vhpl35 1455797308
EN bram NULL /home/shinno/cpu/sowaka/project/hannya/ipcore_dir/BRAM.vhd sub00/vhpl19 1455797290
PH fmul_p NULL /home/shinno/cpu/sowaka/hannya/fmul.vhd sub00/vhpl39 1455797279
AR tx tx /home/shinno/cpu/sowaka/hannya/tx.vhd sub00/vhpl28 1455797301
AR id id /home/shinno/cpu/sowaka/hannya/id.vhd sub00/vhpl32 1455797305
PH fadd_p NULL /home/shinno/cpu/sowaka/hannya/fadd.vhd sub00/vhpl06 1455797276
AR finvtable behavioral /home/shinno/cpu/sowaka/hannya/finvtable.vhd sub00/vhpl05 1455797275
AR ftoi_pl behavior /home/shinno/cpu/sowaka/hannya/trnc.vhd sub00/vhpl18 1455797289
AR alu alu /home/shinno/cpu/sowaka/hannya/ALU.vhd sub00/vhpl34 1455797307
AR bram bram_a /home/shinno/cpu/sowaka/project/hannya/ipcore_dir/BRAM.vhd sub00/vhpl20 1455797291
EN rx NULL /home/shinno/cpu/sowaka/hannya/rx.vhd sub00/vhpl25 1455797298
EN tx NULL /home/shinno/cpu/sowaka/hannya/tx.vhd sub00/vhpl27 1455797300
AR fsqrttable behavioral /home/shinno/cpu/sowaka/hannya/fsqrttable.vhd sub00/vhpl03 1455797273
PB fpu_common_p fpu_common_p /home/shinno/cpu/sowaka/hannya/fpu_common.vhd sub00/vhpl01 1455797271
AR fmul blackbox /home/shinno/cpu/sowaka/hannya/fmul.vhd sub00/vhpl41 1455797281
EN fifo8 NULL /home/shinno/cpu/sowaka/project/hannya/ipcore_dir/fifo8.vhd sub00/vhpl21 1455797294
AR clk_changer behavioral /home/shinno/cpu/sowaka/project/hannya/clk_changer.vhd sub00/vhpl43 1455797293
EN fadd NULL /home/shinno/cpu/sowaka/hannya/fadd.vhd sub00/vhpl07 1455797277
EN ife NULL /home/shinno/cpu/sowaka/hannya/ife.vhd sub00/vhpl29 1455797302
EN fmul NULL /home/shinno/cpu/sowaka/hannya/fmul.vhd sub00/vhpl40 1455797280
AR fmul_pl dataflow_pipeline /home/shinno/cpu/sowaka/hannya/fmul_pl.vhd sub00/vhpl10 1455359902
EN output_buf NULL /home/shinno/cpu/sowaka/project/hannya/ipcore_dir/output_buf.vhd sub00/vhpl23 1455797296
AR finv twoproc_pipeline /home/shinno/cpu/sowaka/hannya/finv_pl.vhd sub00/vhpl12 1455797283
EN fsqrt_pl NULL /home/shinno/cpu/sowaka/hannya/fsqrt_pl.vhd sub00/vhpl13 1455797284
EN clk_changer NULL /home/shinno/cpu/sowaka/project/hannya/clk_changer.vhd sub00/vhpl42 1455797292
AR rx rx /home/shinno/cpu/sowaka/hannya/rx.vhd sub00/vhpl26 1455797299
AR itof_pl behavior /home/shinno/cpu/sowaka/hannya/conv.vhd sub00/vhpl16 1455797287
EN fsqrttable NULL /home/shinno/cpu/sowaka/hannya/fsqrttable.vhd sub00/vhpl02 1455797272
AR fadd blackbox /home/shinno/cpu/sowaka/hannya/fadd.vhd sub00/vhpl08 1455797278
EN alu NULL /home/shinno/cpu/sowaka/hannya/ALU.vhd sub00/vhpl33 1455797306
