AR ife ife /home/shinno/cpu/presentation/final_presentation/sowaka/hannya/ife.vhd sub00/vhpl33 1455866208
AR hannya hannya /home/shinno/cpu/presentation/final_presentation/sowaka/hannya/hannya.vhd sub00/vhpl41 1455866216
EN finvtable NULL /home/shinno/cpu/presentation/final_presentation/sowaka/hannya/finvtable.vhd sub00/vhpl04 1455866179
AR mem mem /home/shinno/cpu/presentation/final_presentation/sowaka/hannya/mem.vhd sub00/vhpl39 1455866214
EN finv NULL /home/shinno/cpu/presentation/final_presentation/sowaka/hannya/finv_pl.vhd sub00/vhpl12 1455866187
EN itof_pl NULL /home/shinno/cpu/presentation/final_presentation/sowaka/hannya/conv.vhd sub00/vhpl16 1455866191
EN hannya NULL /home/shinno/cpu/presentation/final_presentation/sowaka/hannya/hannya.vhd sub00/vhpl40 1455866215
AR fsqrt_pl twoproc_pipeline /home/shinno/cpu/presentation/final_presentation/sowaka/hannya/fsqrt_pl.vhd sub00/vhpl15 1455866190
AR output_buf output_buf_a /home/shinno/cpu/presentation/final_presentation/P_hannya/ipcore_dir/output_buf.vhd sub00/vhpl27 1455866202
AR fifo8 fifo8_a /home/shinno/cpu/presentation/final_presentation/P_hannya/ipcore_dir/fifo8.vhd sub00/vhpl25 1455866200
EN ftoi_pl NULL /home/shinno/cpu/presentation/final_presentation/sowaka/hannya/trnc.vhd sub00/vhpl18 1455866193
EN id NULL /home/shinno/cpu/presentation/final_presentation/sowaka/hannya/id.vhd sub00/vhpl34 1455866209
PH fpu_common_p NULL /home/shinno/cpu/presentation/final_presentation/sowaka/hannya/fpu_common.vhd sub00/vhpl00 1455866175
EN mem NULL /home/shinno/cpu/presentation/final_presentation/sowaka/hannya/mem.vhd sub00/vhpl38 1455866213
EN bram NULL /home/shinno/cpu/presentation/final_presentation/P_hannya/ipcore_dir/BRAM.vhd sub00/vhpl20 1455866195
PH fmul_p NULL /home/shinno/cpu/presentation/final_presentation/sowaka/hannya/fmul.vhd sub00/vhpl09 1455866184
AR tx tx /home/shinno/cpu/presentation/final_presentation/sowaka/hannya/tx.vhd sub00/vhpl31 1455866206
AR id id /home/shinno/cpu/presentation/final_presentation/sowaka/hannya/id.vhd sub00/vhpl35 1455866210
PH fadd_p NULL /home/shinno/cpu/presentation/final_presentation/sowaka/hannya/fadd.vhd sub00/vhpl06 1455866181
AR finvtable behavioral /home/shinno/cpu/presentation/final_presentation/sowaka/hannya/finvtable.vhd sub00/vhpl05 1455866180
AR ftoi_pl behavior /home/shinno/cpu/presentation/final_presentation/sowaka/hannya/trnc.vhd sub00/vhpl19 1455866194
AR alu alu /home/shinno/cpu/presentation/final_presentation/sowaka/hannya/ALU.vhd sub00/vhpl37 1455866212
AR bram bram_a /home/shinno/cpu/presentation/final_presentation/P_hannya/ipcore_dir/BRAM.vhd sub00/vhpl21 1455866196
EN rx NULL /home/shinno/cpu/presentation/final_presentation/sowaka/hannya/rx.vhd sub00/vhpl28 1455866203
EN tx NULL /home/shinno/cpu/presentation/final_presentation/sowaka/hannya/tx.vhd sub00/vhpl30 1455866205
AR fsqrttable behavioral /home/shinno/cpu/presentation/final_presentation/sowaka/hannya/fsqrttable.vhd sub00/vhpl03 1455866178
PB fpu_common_p fpu_common_p /home/shinno/cpu/presentation/final_presentation/sowaka/hannya/fpu_common.vhd sub00/vhpl01 1455866176
AR fmul blackbox /home/shinno/cpu/presentation/final_presentation/sowaka/hannya/fmul.vhd sub00/vhpl11 1455866186
EN fifo8 NULL /home/shinno/cpu/presentation/final_presentation/P_hannya/ipcore_dir/fifo8.vhd sub00/vhpl24 1455866199
AR clk_changer behavioral /home/shinno/cpu/presentation/final_presentation/P_hannya/clk_changer.vhd sub00/vhpl23 1455866198
EN fadd NULL /home/shinno/cpu/presentation/final_presentation/sowaka/hannya/fadd.vhd sub00/vhpl07 1455866182
EN ife NULL /home/shinno/cpu/presentation/final_presentation/sowaka/hannya/ife.vhd sub00/vhpl32 1455866207
EN fmul NULL /home/shinno/cpu/presentation/final_presentation/sowaka/hannya/fmul.vhd sub00/vhpl10 1455866185
EN output_buf NULL /home/shinno/cpu/presentation/final_presentation/P_hannya/ipcore_dir/output_buf.vhd sub00/vhpl26 1455866201
AR finv twoproc_pipeline /home/shinno/cpu/presentation/final_presentation/sowaka/hannya/finv_pl.vhd sub00/vhpl13 1455866188
EN clk_changer NULL /home/shinno/cpu/presentation/final_presentation/P_hannya/clk_changer.vhd sub00/vhpl22 1455866197
EN fsqrt_pl NULL /home/shinno/cpu/presentation/final_presentation/sowaka/hannya/fsqrt_pl.vhd sub00/vhpl14 1455866189
AR rx rx /home/shinno/cpu/presentation/final_presentation/sowaka/hannya/rx.vhd sub00/vhpl29 1455866204
AR itof_pl behavior /home/shinno/cpu/presentation/final_presentation/sowaka/hannya/conv.vhd sub00/vhpl17 1455866192
EN fsqrttable NULL /home/shinno/cpu/presentation/final_presentation/sowaka/hannya/fsqrttable.vhd sub00/vhpl02 1455866177
AR fadd blackbox /home/shinno/cpu/presentation/final_presentation/sowaka/hannya/fadd.vhd sub00/vhpl08 1455866183
EN alu NULL /home/shinno/cpu/presentation/final_presentation/sowaka/hannya/ALU.vhd sub00/vhpl36 1455866211
