V3 86
FL /home/shinno/cpu/presentation/final_presentation/P_hannya/clk_changer.vhd 2016/02/19.16:16:11 P.49d
EN work/clk_changer 1455866197 \
      FL /home/shinno/cpu/presentation/final_presentation/P_hannya/clk_changer.vhd \
      PB ieee/std_logic_1164 1354696159 PB ieee/NUMERIC_STD 1354696164 LB UNISIM \
      PH unisim/VCOMPONENTS 1354696165
AR work/clk_changer/BEHAVIORAL 1455866198 \
      FL /home/shinno/cpu/presentation/final_presentation/P_hannya/clk_changer.vhd \
      EN work/clk_changer 1455866197 CP BUFG CP DCM_ADV
FL /home/shinno/cpu/presentation/final_presentation/P_hannya/ipcore_dir/BRAM.vhd 2016/02/19.12:02:41 P.49d
EN work/BRAM 1455866195 \
      FL /home/shinno/cpu/presentation/final_presentation/P_hannya/ipcore_dir/BRAM.vhd \
      PB ieee/std_logic_1164 1354696159
AR work/BRAM/BRAM_a 1455866196 \
      FL /home/shinno/cpu/presentation/final_presentation/P_hannya/ipcore_dir/BRAM.vhd \
      EN work/BRAM 1455866195
FL /home/shinno/cpu/presentation/final_presentation/P_hannya/ipcore_dir/fifo8.vhd 2016/02/19.11:47:09 P.49d
EN work/fifo8 1455866199 \
      FL /home/shinno/cpu/presentation/final_presentation/P_hannya/ipcore_dir/fifo8.vhd \
      PB ieee/std_logic_1164 1354696159
AR work/fifo8/fifo8_a 1455866200 \
      FL /home/shinno/cpu/presentation/final_presentation/P_hannya/ipcore_dir/fifo8.vhd \
      EN work/fifo8 1455866199
FL /home/shinno/cpu/presentation/final_presentation/P_hannya/ipcore_dir/output_buf.vhd 2016/02/19.11:50:45 P.49d
EN work/output_buf 1455866201 \
      FL /home/shinno/cpu/presentation/final_presentation/P_hannya/ipcore_dir/output_buf.vhd \
      PB ieee/std_logic_1164 1354696159
AR work/output_buf/output_buf_a 1455866202 \
      FL /home/shinno/cpu/presentation/final_presentation/P_hannya/ipcore_dir/output_buf.vhd \
      EN work/output_buf 1455866201
FL /home/shinno/cpu/presentation/final_presentation/sowaka/hannya/ALU.vhd 2016/02/14.10:54:15 P.49d
EN work/ALU 1455866211 \
      FL /home/shinno/cpu/presentation/final_presentation/sowaka/hannya/ALU.vhd \
      PB ieee/std_logic_1164 1354696159 PB ieee/STD_LOGIC_UNSIGNED 1354696162 \
      PB ieee/NUMERIC_STD 1354696164 LB UNISIM PH unisim/VCOMPONENTS 1354696165 \
      PH work/fadd_p 1455866181
AR work/ALU/ALU 1455866212 \
      FL /home/shinno/cpu/presentation/final_presentation/sowaka/hannya/ALU.vhd \
      EN work/ALU 1455866211 CP fadd CP fmul CP finv CP fsqrt_pl CP itof_pl CP ftoi_pl
FL /home/shinno/cpu/presentation/final_presentation/sowaka/hannya/conv.vhd 2016/02/04.11:25:30 P.49d
EN work/itof_pl 1455866191 \
      FL /home/shinno/cpu/presentation/final_presentation/sowaka/hannya/conv.vhd \
      PB ieee/std_logic_1164 1354696159 PB ieee/NUMERIC_STD 1354696164 \
      PB work/fpu_common_p 1455866176
AR work/itof_pl/behavior 1455866192 \
      FL /home/shinno/cpu/presentation/final_presentation/sowaka/hannya/conv.vhd \
      EN work/itof_pl 1455866191
FL /home/shinno/cpu/presentation/final_presentation/sowaka/hannya/fadd.vhd 2016/02/04.11:25:30 P.49d
PH work/fadd_p 1455866181 \
      FL /home/shinno/cpu/presentation/final_presentation/sowaka/hannya/fadd.vhd \
      PB ieee/std_logic_1164 1354696159 CD fadd
EN work/fadd 1455866182 \
      FL /home/shinno/cpu/presentation/final_presentation/sowaka/hannya/fadd.vhd \
      PB ieee/std_logic_1164 1354696159 PB ieee/std_logic_misc 1354696160 \
      PB ieee/NUMERIC_STD 1354696164 PB ieee/STD_LOGIC_UNSIGNED 1354696162 \
      PB std/TEXTIO 1354696158 PB ieee/STD_LOGIC_TEXTIO 1354696163
AR work/FADD/blackbox 1455866183 \
      FL /home/shinno/cpu/presentation/final_presentation/sowaka/hannya/fadd.vhd \
      EN work/fadd 1455866182
FL /home/shinno/cpu/presentation/final_presentation/sowaka/hannya/finvtable.vhd 2016/02/04.11:25:30 P.49d
EN work/finvtable 1455866179 \
      FL /home/shinno/cpu/presentation/final_presentation/sowaka/hannya/finvtable.vhd \
      PB ieee/std_logic_1164 1354696159 PB ieee/NUMERIC_STD 1354696164
AR work/finvtable/behavioral 1455866180 \
      FL /home/shinno/cpu/presentation/final_presentation/sowaka/hannya/finvtable.vhd \
      EN work/finvtable 1455866179
FL /home/shinno/cpu/presentation/final_presentation/sowaka/hannya/finv_pl.vhd 2016/02/07.19:29:58 P.49d
EN work/finv 1455866187 \
      FL /home/shinno/cpu/presentation/final_presentation/sowaka/hannya/finv_pl.vhd \
      PB ieee/std_logic_1164 1354696159 PB ieee/NUMERIC_STD 1354696164
AR work/finv/twoproc_pipeline 1455866188 \
      FL /home/shinno/cpu/presentation/final_presentation/sowaka/hannya/finv_pl.vhd \
      EN work/finv 1455866187 CP finvtable
FL /home/shinno/cpu/presentation/final_presentation/sowaka/hannya/fmul.vhd 2016/02/04.11:25:30 P.49d
PH work/fmul_p 1455866184 \
      FL /home/shinno/cpu/presentation/final_presentation/sowaka/hannya/fmul.vhd \
      PB ieee/std_logic_1164 1354696159 CD fmul
EN work/fmul 1455866185 \
      FL /home/shinno/cpu/presentation/final_presentation/sowaka/hannya/fmul.vhd \
      PB ieee/std_logic_1164 1354696159 PB ieee/std_logic_misc 1354696160 \
      PB ieee/NUMERIC_STD 1354696164 PB ieee/STD_LOGIC_UNSIGNED 1354696162
AR work/FMUL/blackbox 1455866186 \
      FL /home/shinno/cpu/presentation/final_presentation/sowaka/hannya/fmul.vhd \
      EN work/fmul 1455866185
FL /home/shinno/cpu/presentation/final_presentation/sowaka/hannya/fpu_common.vhd 2016/01/30.20:09:14 P.49d
PH work/fpu_common_p 1455866175 \
      FL /home/shinno/cpu/presentation/final_presentation/sowaka/hannya/fpu_common.vhd \
      PB ieee/std_logic_1164 1354696159 PB ieee/NUMERIC_STD 1354696164
PB work/fpu_common_p 1455866176 \
      FL /home/shinno/cpu/presentation/final_presentation/sowaka/hannya/fpu_common.vhd \
      PH work/fpu_common_p 1455866175
FL /home/shinno/cpu/presentation/final_presentation/sowaka/hannya/fsqrttable.vhd 2016/02/04.11:25:30 P.49d
EN work/fsqrttable 1455866177 \
      FL /home/shinno/cpu/presentation/final_presentation/sowaka/hannya/fsqrttable.vhd \
      PB ieee/std_logic_1164 1354696159 PB ieee/NUMERIC_STD 1354696164
AR work/fsqrttable/behavioral 1455866178 \
      FL /home/shinno/cpu/presentation/final_presentation/sowaka/hannya/fsqrttable.vhd \
      EN work/fsqrttable 1455866177
FL /home/shinno/cpu/presentation/final_presentation/sowaka/hannya/fsqrt_pl.vhd 2016/02/07.19:29:58 P.49d
EN work/fsqrt_pl 1455866189 \
      FL /home/shinno/cpu/presentation/final_presentation/sowaka/hannya/fsqrt_pl.vhd \
      PB ieee/std_logic_1164 1354696159 PB ieee/NUMERIC_STD 1354696164
AR work/fsqrt_pl/twoproc_pipeline 1455866190 \
      FL /home/shinno/cpu/presentation/final_presentation/sowaka/hannya/fsqrt_pl.vhd \
      EN work/fsqrt_pl 1455866189 CP fsqrttable
FL /home/shinno/cpu/presentation/final_presentation/sowaka/hannya/hannya.vhd 2016/02/17.15:33:16 P.49d
EN work/hannya 1455866215 \
      FL /home/shinno/cpu/presentation/final_presentation/sowaka/hannya/hannya.vhd \
      PB ieee/std_logic_1164 1354696159 PB ieee/STD_LOGIC_UNSIGNED 1354696162 \
      LB UNISIM PH unisim/VCOMPONENTS 1354696165
AR work/hannya/hannya 1455866216 \
      FL /home/shinno/cpu/presentation/final_presentation/sowaka/hannya/hannya.vhd \
      EN work/hannya 1455866215 CP IBUFG CP BUFG CP clk_changer CP fifo8 \
      CP output_buf CP rx CP tx CP ife CP id CP ALU CP mem
FL /home/shinno/cpu/presentation/final_presentation/sowaka/hannya/id.vhd 2016/02/18.21:07:43 P.49d
EN work/id 1455866209 \
      FL /home/shinno/cpu/presentation/final_presentation/sowaka/hannya/id.vhd \
      PB ieee/std_logic_1164 1354696159 PB ieee/std_logic_arith 1354696160 \
      PB ieee/STD_LOGIC_UNSIGNED 1354696162 LB UNISIM PH unisim/VCOMPONENTS 1354696165
AR work/id/id 1455866210 \
      FL /home/shinno/cpu/presentation/final_presentation/sowaka/hannya/id.vhd \
      EN work/id 1455866209
FL /home/shinno/cpu/presentation/final_presentation/sowaka/hannya/ife.vhd 2016/02/13.19:31:40 P.49d
EN work/ife 1455866207 \
      FL /home/shinno/cpu/presentation/final_presentation/sowaka/hannya/ife.vhd \
      PB ieee/std_logic_1164 1354696159 PB ieee/std_logic_arith 1354696160 \
      PB ieee/STD_LOGIC_UNSIGNED 1354696162 LB UNISIM PH unisim/VCOMPONENTS 1354696165
AR work/ife/ife 1455866208 \
      FL /home/shinno/cpu/presentation/final_presentation/sowaka/hannya/ife.vhd \
      EN work/ife 1455866207 CP BRAM
FL /home/shinno/cpu/presentation/final_presentation/sowaka/hannya/mem.vhd 2016/02/18.16:48:51 P.49d
EN work/mem 1455866213 \
      FL /home/shinno/cpu/presentation/final_presentation/sowaka/hannya/mem.vhd \
      PB ieee/std_logic_1164 1354696159 PB ieee/std_logic_arith 1354696160 \
      PB ieee/STD_LOGIC_UNSIGNED 1354696162
AR work/mem/mem 1455866214 \
      FL /home/shinno/cpu/presentation/final_presentation/sowaka/hannya/mem.vhd \
      EN work/mem 1455866213
FL /home/shinno/cpu/presentation/final_presentation/sowaka/hannya/rx.vhd 2016/02/05.01:37:25 P.49d
EN work/rx 1455866203 \
      FL /home/shinno/cpu/presentation/final_presentation/sowaka/hannya/rx.vhd \
      PB ieee/std_logic_1164 1354696159 PB ieee/STD_LOGIC_UNSIGNED 1354696162 \
      LB UNISIM PH unisim/VCOMPONENTS 1354696165
AR work/rx/rx 1455866204 \
      FL /home/shinno/cpu/presentation/final_presentation/sowaka/hannya/rx.vhd \
      EN work/rx 1455866203
FL /home/shinno/cpu/presentation/final_presentation/sowaka/hannya/trnc.vhd 2016/02/04.11:25:30 P.49d
EN work/ftoi_pl 1455866193 \
      FL /home/shinno/cpu/presentation/final_presentation/sowaka/hannya/trnc.vhd \
      PB ieee/std_logic_1164 1354696159 PB ieee/NUMERIC_STD 1354696164 \
      PB work/fpu_common_p 1455866176
AR work/ftoi_pl/behavior 1455866194 \
      FL /home/shinno/cpu/presentation/final_presentation/sowaka/hannya/trnc.vhd \
      EN work/ftoi_pl 1455866193
FL /home/shinno/cpu/presentation/final_presentation/sowaka/hannya/tx.vhd 2016/02/04.11:25:30 P.49d
EN work/tx 1455866205 \
      FL /home/shinno/cpu/presentation/final_presentation/sowaka/hannya/tx.vhd \
      PB ieee/std_logic_1164 1354696159 PB ieee/STD_LOGIC_UNSIGNED 1354696162
AR work/tx/tx 1455866206 \
      FL /home/shinno/cpu/presentation/final_presentation/sowaka/hannya/tx.vhd \
      EN work/tx 1455866205
