AR ife ife /home/shinno/cpu/presentation/final_presentation/sowaka/siki/ife.vhd sub00/vhpl31 1455425230
EN finvtable NULL /home/shinno/cpu/presentation/final_presentation/sowaka/siki/finvtable.vhd sub00/vhpl04 1455425202
AR mem mem /home/shinno/cpu/presentation/final_presentation/sowaka/siki/mem.vhd sub00/vhpl37 1455425236
EN finv NULL /home/shinno/cpu/presentation/final_presentation/sowaka/siki/finv_pl.vhd sub00/vhpl12 1455425209
AR siki siki /home/shinno/cpu/presentation/final_presentation/sowaka/siki/siki.vhd sub00/vhpl39 1455425238
EN itof_pl NULL /home/shinno/cpu/presentation/final_presentation/sowaka/siki/conv.vhd sub00/vhpl16 1455425213
AR fsqrt_pl twoproc_pipeline /home/shinno/cpu/presentation/final_presentation/sowaka/siki/fsqrt_pl.vhd sub00/vhpl15 1455425212
AR output_buf output_buf_a /home/shinno/cpu/presentation/final_presentation/P_siki/ipcore_dir/output_buf.vhd sub00/vhpl25 1455425224
AR fifo8 fifo8_a /home/shinno/cpu/presentation/final_presentation/P_siki/ipcore_dir/fifo8.vhd sub00/vhpl23 1455425222
EN ftoi_pl NULL /home/shinno/cpu/presentation/final_presentation/sowaka/siki/trnc.vhd sub00/vhpl18 1455425215
EN id NULL /home/shinno/cpu/presentation/final_presentation/sowaka/siki/id.vhd sub00/vhpl32 1455425231
PH fpu_common_p NULL /home/shinno/cpu/presentation/final_presentation/sowaka/siki/fpu_common.vhd sub00/vhpl00 1455425198
EN mem NULL /home/shinno/cpu/presentation/final_presentation/sowaka/siki/mem.vhd sub00/vhpl36 1455425235
EN bram NULL /home/shinno/cpu/presentation/final_presentation/P_siki/ipcore_dir/BRAM.vhd sub00/vhpl20 1455425217
PH fmul_p NULL /home/shinno/cpu/presentation/final_presentation/sowaka/siki/fmul.vhd sub00/vhpl09 1455419134
AR tx tx /home/shinno/cpu/presentation/final_presentation/sowaka/siki/tx.vhd sub00/vhpl29 1455425228
EN siki NULL /home/shinno/cpu/presentation/final_presentation/sowaka/siki/siki.vhd sub00/vhpl38 1455425237
AR id id /home/shinno/cpu/presentation/final_presentation/sowaka/siki/id.vhd sub00/vhpl33 1455425232
PH fadd_p NULL /home/shinno/cpu/presentation/final_presentation/sowaka/siki/fadd.vhd sub00/vhpl06 1455425204
AR finvtable behavioral /home/shinno/cpu/presentation/final_presentation/sowaka/siki/finvtable.vhd sub00/vhpl05 1455425203
AR ftoi_pl behavior /home/shinno/cpu/presentation/final_presentation/sowaka/siki/trnc.vhd sub00/vhpl19 1455425216
AR alu alu /home/shinno/cpu/presentation/final_presentation/sowaka/siki/ALU.vhd sub00/vhpl35 1455425234
AR bram bram_a /home/shinno/cpu/presentation/final_presentation/P_siki/ipcore_dir/BRAM.vhd sub00/vhpl21 1455425218
EN rx NULL /home/shinno/cpu/presentation/final_presentation/sowaka/siki/rx.vhd sub00/vhpl26 1455425225
EN tx NULL /home/shinno/cpu/presentation/final_presentation/sowaka/siki/tx.vhd sub00/vhpl28 1455425227
AR fsqrttable behavioral /home/shinno/cpu/presentation/final_presentation/sowaka/siki/fsqrttable.vhd sub00/vhpl03 1455425201
PB fpu_common_p fpu_common_p /home/shinno/cpu/presentation/final_presentation/sowaka/siki/fpu_common.vhd sub00/vhpl01 1455425199
AR fmul blackbox /home/shinno/cpu/presentation/final_presentation/sowaka/siki/fmul.vhd sub00/vhpl11 1455425208
EN fifo8 NULL /home/shinno/cpu/presentation/final_presentation/P_siki/ipcore_dir/fifo8.vhd sub00/vhpl22 1455425221
AR clk_changer behavioral /home/shinno/cpu/presentation/final_presentation/P_siki/clk_changer.vhd sub00/vhpl41 1455425220
EN fadd NULL /home/shinno/cpu/presentation/final_presentation/sowaka/siki/fadd.vhd sub00/vhpl07 1455425205
EN ife NULL /home/shinno/cpu/presentation/final_presentation/sowaka/siki/ife.vhd sub00/vhpl30 1455425229
EN fmul NULL /home/shinno/cpu/presentation/final_presentation/sowaka/siki/fmul.vhd sub00/vhpl10 1455425207
EN output_buf NULL /home/shinno/cpu/presentation/final_presentation/P_siki/ipcore_dir/output_buf.vhd sub00/vhpl24 1455425223
AR finv twoproc_pipeline /home/shinno/cpu/presentation/final_presentation/sowaka/siki/finv_pl.vhd sub00/vhpl13 1455425210
EN clk_changer NULL /home/shinno/cpu/presentation/final_presentation/P_siki/clk_changer.vhd sub00/vhpl40 1455425219
EN fsqrt_pl NULL /home/shinno/cpu/presentation/final_presentation/sowaka/siki/fsqrt_pl.vhd sub00/vhpl14 1455425211
AR rx rx /home/shinno/cpu/presentation/final_presentation/sowaka/siki/rx.vhd sub00/vhpl27 1455425226
AR itof_pl behavior /home/shinno/cpu/presentation/final_presentation/sowaka/siki/conv.vhd sub00/vhpl17 1455425214
EN fsqrttable NULL /home/shinno/cpu/presentation/final_presentation/sowaka/siki/fsqrttable.vhd sub00/vhpl02 1455425200
AR fadd blackbox /home/shinno/cpu/presentation/final_presentation/sowaka/siki/fadd.vhd sub00/vhpl08 1455425206
EN alu NULL /home/shinno/cpu/presentation/final_presentation/sowaka/siki/ALU.vhd sub00/vhpl34 1455425233
