AR ife ife /home/shinno/cpu/sowaka/sowaka/final_presentation/sowaka/siki/ife.vhd sub00/vhpl31 1455625251
EN finvtable NULL /home/shinno/cpu/sowaka/sowaka/final_presentation/sowaka/siki/finvtable.vhd sub00/vhpl04 1455625223
AR mem mem /home/shinno/cpu/sowaka/sowaka/final_presentation/sowaka/siki/mem.vhd sub00/vhpl37 1455625257
EN finv NULL /home/shinno/cpu/sowaka/sowaka/final_presentation/sowaka/siki/finv_pl.vhd sub00/vhpl12 1455625230
AR siki siki /home/shinno/cpu/sowaka/sowaka/final_presentation/sowaka/siki/siki.vhd sub00/vhpl39 1455625259
EN itof_pl NULL /home/shinno/cpu/sowaka/sowaka/final_presentation/sowaka/siki/conv.vhd sub00/vhpl16 1455625234
AR fsqrt_pl twoproc_pipeline /home/shinno/cpu/sowaka/sowaka/final_presentation/sowaka/siki/fsqrt_pl.vhd sub00/vhpl15 1455625233
AR output_buf output_buf_a /home/shinno/cpu/sowaka/sowaka/final_presentation/P_siki/ipcore_dir/output_buf.vhd sub00/vhpl25 1455625245
AR fifo8 fifo8_a /home/shinno/cpu/sowaka/sowaka/final_presentation/P_siki/ipcore_dir/fifo8.vhd sub00/vhpl23 1455625243
EN ftoi_pl NULL /home/shinno/cpu/sowaka/sowaka/final_presentation/sowaka/siki/trnc.vhd sub00/vhpl18 1455625236
EN id NULL /home/shinno/cpu/sowaka/sowaka/final_presentation/sowaka/siki/id.vhd sub00/vhpl32 1455625252
PH fpu_common_p NULL /home/shinno/cpu/sowaka/sowaka/final_presentation/sowaka/siki/fpu_common.vhd sub00/vhpl00 1455625219
EN mem NULL /home/shinno/cpu/sowaka/sowaka/final_presentation/sowaka/siki/mem.vhd sub00/vhpl36 1455625256
EN bram NULL /home/shinno/cpu/sowaka/sowaka/final_presentation/P_siki/ipcore_dir/BRAM.vhd sub00/vhpl20 1455625238
PH fmul_p NULL /home/shinno/cpu/presentation/final_presentation/sowaka/siki/fmul.vhd sub00/vhpl09 1455419134
AR tx tx /home/shinno/cpu/sowaka/sowaka/final_presentation/sowaka/siki/tx.vhd sub00/vhpl29 1455625249
EN siki NULL /home/shinno/cpu/sowaka/sowaka/final_presentation/sowaka/siki/siki.vhd sub00/vhpl38 1455625258
AR id id /home/shinno/cpu/sowaka/sowaka/final_presentation/sowaka/siki/id.vhd sub00/vhpl33 1455625253
PH fadd_p NULL /home/shinno/cpu/sowaka/sowaka/final_presentation/sowaka/siki/fadd.vhd sub00/vhpl06 1455625225
AR finvtable behavioral /home/shinno/cpu/sowaka/sowaka/final_presentation/sowaka/siki/finvtable.vhd sub00/vhpl05 1455625224
AR ftoi_pl behavior /home/shinno/cpu/sowaka/sowaka/final_presentation/sowaka/siki/trnc.vhd sub00/vhpl19 1455625237
AR alu alu /home/shinno/cpu/sowaka/sowaka/final_presentation/sowaka/siki/ALU.vhd sub00/vhpl35 1455625255
AR bram bram_a /home/shinno/cpu/sowaka/sowaka/final_presentation/P_siki/ipcore_dir/BRAM.vhd sub00/vhpl21 1455625239
EN rx NULL /home/shinno/cpu/sowaka/sowaka/final_presentation/sowaka/siki/rx.vhd sub00/vhpl26 1455625246
EN tx NULL /home/shinno/cpu/sowaka/sowaka/final_presentation/sowaka/siki/tx.vhd sub00/vhpl28 1455625248
AR fsqrttable behavioral /home/shinno/cpu/sowaka/sowaka/final_presentation/sowaka/siki/fsqrttable.vhd sub00/vhpl03 1455625222
PB fpu_common_p fpu_common_p /home/shinno/cpu/sowaka/sowaka/final_presentation/sowaka/siki/fpu_common.vhd sub00/vhpl01 1455625220
AR fmul blackbox /home/shinno/cpu/sowaka/sowaka/final_presentation/sowaka/siki/fmul.vhd sub00/vhpl11 1455625229
EN fifo8 NULL /home/shinno/cpu/sowaka/sowaka/final_presentation/P_siki/ipcore_dir/fifo8.vhd sub00/vhpl22 1455625242
AR clk_changer behavioral /home/shinno/cpu/sowaka/sowaka/final_presentation/P_siki/clk_changer.vhd sub00/vhpl41 1455625241
EN fadd NULL /home/shinno/cpu/sowaka/sowaka/final_presentation/sowaka/siki/fadd.vhd sub00/vhpl07 1455625226
EN ife NULL /home/shinno/cpu/sowaka/sowaka/final_presentation/sowaka/siki/ife.vhd sub00/vhpl30 1455625250
EN fmul NULL /home/shinno/cpu/sowaka/sowaka/final_presentation/sowaka/siki/fmul.vhd sub00/vhpl10 1455625228
EN output_buf NULL /home/shinno/cpu/sowaka/sowaka/final_presentation/P_siki/ipcore_dir/output_buf.vhd sub00/vhpl24 1455625244
AR finv twoproc_pipeline /home/shinno/cpu/sowaka/sowaka/final_presentation/sowaka/siki/finv_pl.vhd sub00/vhpl13 1455625231
EN fsqrt_pl NULL /home/shinno/cpu/sowaka/sowaka/final_presentation/sowaka/siki/fsqrt_pl.vhd sub00/vhpl14 1455625232
EN clk_changer NULL /home/shinno/cpu/sowaka/sowaka/final_presentation/P_siki/clk_changer.vhd sub00/vhpl40 1455625240
AR rx rx /home/shinno/cpu/sowaka/sowaka/final_presentation/sowaka/siki/rx.vhd sub00/vhpl27 1455625247
AR itof_pl behavior /home/shinno/cpu/sowaka/sowaka/final_presentation/sowaka/siki/conv.vhd sub00/vhpl17 1455625235
EN fsqrttable NULL /home/shinno/cpu/sowaka/sowaka/final_presentation/sowaka/siki/fsqrttable.vhd sub00/vhpl02 1455625221
AR fadd blackbox /home/shinno/cpu/sowaka/sowaka/final_presentation/sowaka/siki/fadd.vhd sub00/vhpl08 1455625227
EN alu NULL /home/shinno/cpu/sowaka/sowaka/final_presentation/sowaka/siki/ALU.vhd sub00/vhpl34 1455625254
