V3 104
FL /home/shinno/cpu/presentation/final_presentation/P_siki/clk_changer.vhd 2016/02/14.13:46:34 P.49d
FL /home/shinno/cpu/presentation/final_presentation/P_siki/ipcore_dir/BRAM.vhd 2016/02/14.11:55:45 P.49d
FL /home/shinno/cpu/presentation/final_presentation/P_siki/ipcore_dir/fifo8.vhd 2016/02/14.12:16:29 P.49d
FL /home/shinno/cpu/presentation/final_presentation/P_siki/ipcore_dir/output_buf.vhd 2016/02/14.12:02:21 P.49d
FL /home/shinno/cpu/presentation/final_presentation/sowaka/siki/ALU.vhd 2016/02/13.20:50:48 P.49d
FL /home/shinno/cpu/presentation/final_presentation/sowaka/siki/conv.vhd 2016/02/04.14:32:09 P.49d
FL /home/shinno/cpu/presentation/final_presentation/sowaka/siki/fadd.vhd 2016/02/14.12:08:52 P.49d
FL /home/shinno/cpu/presentation/final_presentation/sowaka/siki/finvtable.vhd 2016/02/01.10:59:05 P.49d
FL /home/shinno/cpu/presentation/final_presentation/sowaka/siki/finv_pl.vhd 2016/02/01.10:59:05 P.49d
FL /home/shinno/cpu/presentation/final_presentation/sowaka/siki/fmul.vhd 2016/01/25.23:29:30 P.49d
FL /home/shinno/cpu/presentation/final_presentation/sowaka/siki/fpu_common.vhd 2016/01/30.20:09:04 P.49d
FL /home/shinno/cpu/presentation/final_presentation/sowaka/siki/fsqrttable.vhd 2016/02/09.18:34:54 P.49d
FL /home/shinno/cpu/presentation/final_presentation/sowaka/siki/fsqrt_pl.vhd 2016/02/09.18:34:54 P.49d
FL /home/shinno/cpu/presentation/final_presentation/sowaka/siki/id.vhd 2016/01/30.19:36:56 P.49d
FL /home/shinno/cpu/presentation/final_presentation/sowaka/siki/ife.vhd 2015/12/06.13:08:43 P.49d
FL /home/shinno/cpu/presentation/final_presentation/sowaka/siki/mem.vhd 2016/01/29.16:26:44 P.49d
FL /home/shinno/cpu/presentation/final_presentation/sowaka/siki/rx.vhd 2015/12/14.17:02:50 P.49d
FL /home/shinno/cpu/presentation/final_presentation/sowaka/siki/siki.vhd 2016/02/14.13:46:27 P.49d
FL /home/shinno/cpu/presentation/final_presentation/sowaka/siki/trnc.vhd 2016/02/02.20:13:28 P.49d
FL /home/shinno/cpu/presentation/final_presentation/sowaka/siki/tx.vhd 2015/12/14.17:02:25 P.49d
FL /home/shinno/cpu/sowaka/sowaka/final_presentation/P_siki/clk_changer.vhd 2016/02/14.13:46:34 P.49d
EN work/clk_changer 1455625240 \
      FL /home/shinno/cpu/sowaka/sowaka/final_presentation/P_siki/clk_changer.vhd \
      PB ieee/std_logic_1164 1354696159 PB ieee/NUMERIC_STD 1354696164 LB UNISIM \
      PH unisim/VCOMPONENTS 1354696165
AR work/clk_changer/BEHAVIORAL 1455625241 \
      FL /home/shinno/cpu/sowaka/sowaka/final_presentation/P_siki/clk_changer.vhd \
      EN work/clk_changer 1455625240 CP BUFG CP DCM_ADV
FL /home/shinno/cpu/sowaka/sowaka/final_presentation/P_siki/ipcore_dir/BRAM.vhd 2016/02/14.11:55:45 P.49d
EN work/BRAM 1455625238 \
      FL /home/shinno/cpu/sowaka/sowaka/final_presentation/P_siki/ipcore_dir/BRAM.vhd \
      PB ieee/std_logic_1164 1354696159
AR work/BRAM/BRAM_a 1455625239 \
      FL /home/shinno/cpu/sowaka/sowaka/final_presentation/P_siki/ipcore_dir/BRAM.vhd \
      EN work/BRAM 1455625238
FL /home/shinno/cpu/sowaka/sowaka/final_presentation/P_siki/ipcore_dir/fifo8.vhd 2016/02/14.12:16:29 P.49d
EN work/fifo8 1455625242 \
      FL /home/shinno/cpu/sowaka/sowaka/final_presentation/P_siki/ipcore_dir/fifo8.vhd \
      PB ieee/std_logic_1164 1354696159
AR work/fifo8/fifo8_a 1455625243 \
      FL /home/shinno/cpu/sowaka/sowaka/final_presentation/P_siki/ipcore_dir/fifo8.vhd \
      EN work/fifo8 1455625242
FL /home/shinno/cpu/sowaka/sowaka/final_presentation/P_siki/ipcore_dir/output_buf.vhd 2016/02/14.12:02:21 P.49d
EN work/output_buf 1455625244 \
      FL /home/shinno/cpu/sowaka/sowaka/final_presentation/P_siki/ipcore_dir/output_buf.vhd \
      PB ieee/std_logic_1164 1354696159
AR work/output_buf/output_buf_a 1455625245 \
      FL /home/shinno/cpu/sowaka/sowaka/final_presentation/P_siki/ipcore_dir/output_buf.vhd \
      EN work/output_buf 1455625244
FL /home/shinno/cpu/sowaka/sowaka/final_presentation/sowaka/siki/ALU.vhd 2016/02/13.20:50:48 P.49d
EN work/ALU 1455625254 \
      FL /home/shinno/cpu/sowaka/sowaka/final_presentation/sowaka/siki/ALU.vhd \
      PB ieee/std_logic_1164 1354696159 PB ieee/STD_LOGIC_UNSIGNED 1354696162 \
      PB ieee/NUMERIC_STD 1354696164 LB UNISIM PH unisim/VCOMPONENTS 1354696165 \
      PH work/fadd_p 1455625225
AR work/ALU/ALU 1455625255 \
      FL /home/shinno/cpu/sowaka/sowaka/final_presentation/sowaka/siki/ALU.vhd \
      EN work/ALU 1455625254 CP fadd CP fmul CP finv CP fsqrt_pl CP itof_pl CP ftoi_pl
FL /home/shinno/cpu/sowaka/sowaka/final_presentation/sowaka/siki/conv.vhd 2016/02/04.14:32:09 P.49d
EN work/itof_pl 1455625234 \
      FL /home/shinno/cpu/sowaka/sowaka/final_presentation/sowaka/siki/conv.vhd \
      PB ieee/std_logic_1164 1354696159 PB ieee/NUMERIC_STD 1354696164 \
      PB work/fpu_common_p 1455625220
AR work/itof_pl/behavior 1455625235 \
      FL /home/shinno/cpu/sowaka/sowaka/final_presentation/sowaka/siki/conv.vhd \
      EN work/itof_pl 1455625234
FL /home/shinno/cpu/sowaka/sowaka/final_presentation/sowaka/siki/fadd.vhd 2016/02/14.12:08:52 P.49d
PH work/fadd_p 1455625225 \
      FL /home/shinno/cpu/sowaka/sowaka/final_presentation/sowaka/siki/fadd.vhd \
      PB ieee/std_logic_1164 1354696159 CD fadd
EN work/fadd 1455625226 \
      FL /home/shinno/cpu/sowaka/sowaka/final_presentation/sowaka/siki/fadd.vhd \
      PB ieee/std_logic_1164 1354696159 PB ieee/std_logic_misc 1354696160 \
      PB ieee/NUMERIC_STD 1354696164 PB ieee/STD_LOGIC_UNSIGNED 1354696162 \
      PB std/TEXTIO 1354696158 PB ieee/STD_LOGIC_TEXTIO 1354696163
AR work/FADD/blackbox 1455625227 \
      FL /home/shinno/cpu/sowaka/sowaka/final_presentation/sowaka/siki/fadd.vhd \
      EN work/fadd 1455625226
FL /home/shinno/cpu/sowaka/sowaka/final_presentation/sowaka/siki/finvtable.vhd 2016/02/01.10:59:05 P.49d
EN work/finvtable 1455625223 \
      FL /home/shinno/cpu/sowaka/sowaka/final_presentation/sowaka/siki/finvtable.vhd \
      PB ieee/std_logic_1164 1354696159 PB ieee/NUMERIC_STD 1354696164
AR work/finvtable/behavioral 1455625224 \
      FL /home/shinno/cpu/sowaka/sowaka/final_presentation/sowaka/siki/finvtable.vhd \
      EN work/finvtable 1455625223
FL /home/shinno/cpu/sowaka/sowaka/final_presentation/sowaka/siki/finv_pl.vhd 2016/02/01.10:59:05 P.49d
EN work/finv 1455625230 \
      FL /home/shinno/cpu/sowaka/sowaka/final_presentation/sowaka/siki/finv_pl.vhd \
      PB ieee/std_logic_1164 1354696159 PB ieee/NUMERIC_STD 1354696164
AR work/finv/twoproc_pipeline 1455625231 \
      FL /home/shinno/cpu/sowaka/sowaka/final_presentation/sowaka/siki/finv_pl.vhd \
      EN work/finv 1455625230 CP finvtable
FL /home/shinno/cpu/sowaka/sowaka/final_presentation/sowaka/siki/fmul.vhd 2016/01/25.23:29:30 P.49d
EN work/fmul 1455625228 \
      FL /home/shinno/cpu/sowaka/sowaka/final_presentation/sowaka/siki/fmul.vhd \
      PB ieee/std_logic_1164 1354696159 PB ieee/std_logic_misc 1354696160 \
      PB ieee/NUMERIC_STD 1354696164 PB ieee/STD_LOGIC_UNSIGNED 1354696162
AR work/FMUL/blackbox 1455625229 \
      FL /home/shinno/cpu/sowaka/sowaka/final_presentation/sowaka/siki/fmul.vhd \
      EN work/fmul 1455625228
FL /home/shinno/cpu/sowaka/sowaka/final_presentation/sowaka/siki/fpu_common.vhd 2016/01/30.20:09:04 P.49d
PH work/fpu_common_p 1455625219 \
      FL /home/shinno/cpu/sowaka/sowaka/final_presentation/sowaka/siki/fpu_common.vhd \
      PB ieee/std_logic_1164 1354696159 PB ieee/NUMERIC_STD 1354696164
PB work/fpu_common_p 1455625220 \
      FL /home/shinno/cpu/sowaka/sowaka/final_presentation/sowaka/siki/fpu_common.vhd \
      PH work/fpu_common_p 1455625219
FL /home/shinno/cpu/sowaka/sowaka/final_presentation/sowaka/siki/fsqrttable.vhd 2016/02/09.18:34:54 P.49d
EN work/fsqrttable 1455625221 \
      FL /home/shinno/cpu/sowaka/sowaka/final_presentation/sowaka/siki/fsqrttable.vhd \
      PB ieee/std_logic_1164 1354696159 PB ieee/NUMERIC_STD 1354696164
AR work/fsqrttable/behavioral 1455625222 \
      FL /home/shinno/cpu/sowaka/sowaka/final_presentation/sowaka/siki/fsqrttable.vhd \
      EN work/fsqrttable 1455625221
FL /home/shinno/cpu/sowaka/sowaka/final_presentation/sowaka/siki/fsqrt_pl.vhd 2016/02/09.18:34:54 P.49d
EN work/fsqrt_pl 1455625232 \
      FL /home/shinno/cpu/sowaka/sowaka/final_presentation/sowaka/siki/fsqrt_pl.vhd \
      PB ieee/std_logic_1164 1354696159 PB ieee/NUMERIC_STD 1354696164
AR work/fsqrt_pl/twoproc_pipeline 1455625233 \
      FL /home/shinno/cpu/sowaka/sowaka/final_presentation/sowaka/siki/fsqrt_pl.vhd \
      EN work/fsqrt_pl 1455625232 CP fsqrttable
FL /home/shinno/cpu/sowaka/sowaka/final_presentation/sowaka/siki/id.vhd 2016/01/30.19:36:56 P.49d
EN work/id 1455625252 \
      FL /home/shinno/cpu/sowaka/sowaka/final_presentation/sowaka/siki/id.vhd \
      PB ieee/std_logic_1164 1354696159 PB ieee/std_logic_arith 1354696160 \
      PB ieee/STD_LOGIC_UNSIGNED 1354696162 LB UNISIM PH unisim/VCOMPONENTS 1354696165
AR work/id/id 1455625253 \
      FL /home/shinno/cpu/sowaka/sowaka/final_presentation/sowaka/siki/id.vhd \
      EN work/id 1455625252
FL /home/shinno/cpu/sowaka/sowaka/final_presentation/sowaka/siki/ife.vhd 2015/12/06.13:08:43 P.49d
EN work/ife 1455625250 \
      FL /home/shinno/cpu/sowaka/sowaka/final_presentation/sowaka/siki/ife.vhd \
      PB ieee/std_logic_1164 1354696159 PB ieee/std_logic_arith 1354696160 \
      PB ieee/STD_LOGIC_UNSIGNED 1354696162 LB UNISIM PH unisim/VCOMPONENTS 1354696165
AR work/ife/ife 1455625251 \
      FL /home/shinno/cpu/sowaka/sowaka/final_presentation/sowaka/siki/ife.vhd \
      EN work/ife 1455625250 CP BRAM
FL /home/shinno/cpu/sowaka/sowaka/final_presentation/sowaka/siki/mem.vhd 2016/01/29.16:26:44 P.49d
EN work/mem 1455625256 \
      FL /home/shinno/cpu/sowaka/sowaka/final_presentation/sowaka/siki/mem.vhd \
      PB ieee/std_logic_1164 1354696159 PB ieee/std_logic_arith 1354696160 \
      PB ieee/STD_LOGIC_UNSIGNED 1354696162
AR work/mem/mem 1455625257 \
      FL /home/shinno/cpu/sowaka/sowaka/final_presentation/sowaka/siki/mem.vhd \
      EN work/mem 1455625256
FL /home/shinno/cpu/sowaka/sowaka/final_presentation/sowaka/siki/rx.vhd 2015/12/14.17:02:50 P.49d
EN work/rx 1455625246 \
      FL /home/shinno/cpu/sowaka/sowaka/final_presentation/sowaka/siki/rx.vhd \
      PB ieee/std_logic_1164 1354696159 PB ieee/STD_LOGIC_UNSIGNED 1354696162 \
      LB UNISIM PH unisim/VCOMPONENTS 1354696165
AR work/rx/rx 1455625247 \
      FL /home/shinno/cpu/sowaka/sowaka/final_presentation/sowaka/siki/rx.vhd \
      EN work/rx 1455625246
FL /home/shinno/cpu/sowaka/sowaka/final_presentation/sowaka/siki/siki.vhd 2016/02/14.13:46:27 P.49d
EN work/siki 1455625258 \
      FL /home/shinno/cpu/sowaka/sowaka/final_presentation/sowaka/siki/siki.vhd \
      PB ieee/std_logic_1164 1354696159 PB ieee/STD_LOGIC_UNSIGNED 1354696162 \
      LB UNISIM PH unisim/VCOMPONENTS 1354696165
AR work/siki/siki 1455625259 \
      FL /home/shinno/cpu/sowaka/sowaka/final_presentation/sowaka/siki/siki.vhd \
      EN work/siki 1455625258 CP IBUFG CP BUFG CP clk_changer CP fifo8 CP output_buf \
      CP rx CP tx CP ife CP id CP ALU CP mem
FL /home/shinno/cpu/sowaka/sowaka/final_presentation/sowaka/siki/trnc.vhd 2016/02/02.20:13:28 P.49d
EN work/ftoi_pl 1455625236 \
      FL /home/shinno/cpu/sowaka/sowaka/final_presentation/sowaka/siki/trnc.vhd \
      PB ieee/std_logic_1164 1354696159 PB ieee/NUMERIC_STD 1354696164 \
      PB work/fpu_common_p 1455625220
AR work/ftoi_pl/behavior 1455625237 \
      FL /home/shinno/cpu/sowaka/sowaka/final_presentation/sowaka/siki/trnc.vhd \
      EN work/ftoi_pl 1455625236
FL /home/shinno/cpu/sowaka/sowaka/final_presentation/sowaka/siki/tx.vhd 2015/12/14.17:02:25 P.49d
EN work/tx 1455625248 \
      FL /home/shinno/cpu/sowaka/sowaka/final_presentation/sowaka/siki/tx.vhd \
      PB ieee/std_logic_1164 1354696159 PB ieee/STD_LOGIC_UNSIGNED 1354696162
AR work/tx/tx 1455625249 \
      FL /home/shinno/cpu/sowaka/sowaka/final_presentation/sowaka/siki/tx.vhd \
      EN work/tx 1455625248
