V3 84
FL /home/shinno/cpu/presentation/final_presentation/P_siki/clk_changer.vhd 2016/02/14.13:46:34 P.49d
EN work/clk_changer 1455425219 \
      FL /home/shinno/cpu/presentation/final_presentation/P_siki/clk_changer.vhd \
      PB ieee/std_logic_1164 1354696159 PB ieee/NUMERIC_STD 1354696164 LB UNISIM \
      PH unisim/VCOMPONENTS 1354696165
AR work/clk_changer/BEHAVIORAL 1455425220 \
      FL /home/shinno/cpu/presentation/final_presentation/P_siki/clk_changer.vhd \
      EN work/clk_changer 1455425219 CP BUFG CP DCM_ADV
FL /home/shinno/cpu/presentation/final_presentation/P_siki/ipcore_dir/BRAM.vhd 2016/02/14.11:55:45 P.49d
EN work/BRAM 1455425217 \
      FL /home/shinno/cpu/presentation/final_presentation/P_siki/ipcore_dir/BRAM.vhd \
      PB ieee/std_logic_1164 1354696159
AR work/BRAM/BRAM_a 1455425218 \
      FL /home/shinno/cpu/presentation/final_presentation/P_siki/ipcore_dir/BRAM.vhd \
      EN work/BRAM 1455425217
FL /home/shinno/cpu/presentation/final_presentation/P_siki/ipcore_dir/fifo8.vhd 2016/02/14.12:16:29 P.49d
EN work/fifo8 1455425221 \
      FL /home/shinno/cpu/presentation/final_presentation/P_siki/ipcore_dir/fifo8.vhd \
      PB ieee/std_logic_1164 1354696159
AR work/fifo8/fifo8_a 1455425222 \
      FL /home/shinno/cpu/presentation/final_presentation/P_siki/ipcore_dir/fifo8.vhd \
      EN work/fifo8 1455425221
FL /home/shinno/cpu/presentation/final_presentation/P_siki/ipcore_dir/output_buf.vhd 2016/02/14.12:02:21 P.49d
EN work/output_buf 1455425223 \
      FL /home/shinno/cpu/presentation/final_presentation/P_siki/ipcore_dir/output_buf.vhd \
      PB ieee/std_logic_1164 1354696159
AR work/output_buf/output_buf_a 1455425224 \
      FL /home/shinno/cpu/presentation/final_presentation/P_siki/ipcore_dir/output_buf.vhd \
      EN work/output_buf 1455425223
FL /home/shinno/cpu/presentation/final_presentation/sowaka/siki/ALU.vhd 2016/02/13.20:50:48 P.49d
EN work/ALU 1455425233 \
      FL /home/shinno/cpu/presentation/final_presentation/sowaka/siki/ALU.vhd \
      PB ieee/std_logic_1164 1354696159 PB ieee/STD_LOGIC_UNSIGNED 1354696162 \
      PB ieee/NUMERIC_STD 1354696164 LB UNISIM PH unisim/VCOMPONENTS 1354696165 \
      PH work/fadd_p 1455425204
AR work/ALU/ALU 1455425234 \
      FL /home/shinno/cpu/presentation/final_presentation/sowaka/siki/ALU.vhd \
      EN work/ALU 1455425233 CP fadd CP fmul CP finv CP fsqrt_pl CP itof_pl CP ftoi_pl
FL /home/shinno/cpu/presentation/final_presentation/sowaka/siki/conv.vhd 2016/02/04.14:32:09 P.49d
EN work/itof_pl 1455425213 \
      FL /home/shinno/cpu/presentation/final_presentation/sowaka/siki/conv.vhd \
      PB ieee/std_logic_1164 1354696159 PB ieee/NUMERIC_STD 1354696164 \
      PB work/fpu_common_p 1455425199
AR work/itof_pl/behavior 1455425214 \
      FL /home/shinno/cpu/presentation/final_presentation/sowaka/siki/conv.vhd \
      EN work/itof_pl 1455425213
FL /home/shinno/cpu/presentation/final_presentation/sowaka/siki/fadd.vhd 2016/02/14.12:08:52 P.49d
PH work/fadd_p 1455425204 \
      FL /home/shinno/cpu/presentation/final_presentation/sowaka/siki/fadd.vhd \
      PB ieee/std_logic_1164 1354696159 CD fadd
EN work/fadd 1455425205 \
      FL /home/shinno/cpu/presentation/final_presentation/sowaka/siki/fadd.vhd \
      PB ieee/std_logic_1164 1354696159 PB ieee/std_logic_misc 1354696160 \
      PB ieee/NUMERIC_STD 1354696164 PB ieee/STD_LOGIC_UNSIGNED 1354696162 \
      PB std/TEXTIO 1354696158 PB ieee/STD_LOGIC_TEXTIO 1354696163
AR work/FADD/blackbox 1455425206 \
      FL /home/shinno/cpu/presentation/final_presentation/sowaka/siki/fadd.vhd \
      EN work/fadd 1455425205
FL /home/shinno/cpu/presentation/final_presentation/sowaka/siki/finvtable.vhd 2016/02/01.10:59:05 P.49d
EN work/finvtable 1455425202 \
      FL /home/shinno/cpu/presentation/final_presentation/sowaka/siki/finvtable.vhd \
      PB ieee/std_logic_1164 1354696159 PB ieee/NUMERIC_STD 1354696164
AR work/finvtable/behavioral 1455425203 \
      FL /home/shinno/cpu/presentation/final_presentation/sowaka/siki/finvtable.vhd \
      EN work/finvtable 1455425202
FL /home/shinno/cpu/presentation/final_presentation/sowaka/siki/finv_pl.vhd 2016/02/01.10:59:05 P.49d
EN work/finv 1455425209 \
      FL /home/shinno/cpu/presentation/final_presentation/sowaka/siki/finv_pl.vhd \
      PB ieee/std_logic_1164 1354696159 PB ieee/NUMERIC_STD 1354696164
AR work/finv/twoproc_pipeline 1455425210 \
      FL /home/shinno/cpu/presentation/final_presentation/sowaka/siki/finv_pl.vhd \
      EN work/finv 1455425209 CP finvtable
FL /home/shinno/cpu/presentation/final_presentation/sowaka/siki/fmul.vhd 2016/01/25.23:29:30 P.49d
EN work/fmul 1455425207 \
      FL /home/shinno/cpu/presentation/final_presentation/sowaka/siki/fmul.vhd \
      PB ieee/std_logic_1164 1354696159 PB ieee/std_logic_misc 1354696160 \
      PB ieee/NUMERIC_STD 1354696164 PB ieee/STD_LOGIC_UNSIGNED 1354696162
AR work/FMUL/blackbox 1455425208 \
      FL /home/shinno/cpu/presentation/final_presentation/sowaka/siki/fmul.vhd \
      EN work/fmul 1455425207
FL /home/shinno/cpu/presentation/final_presentation/sowaka/siki/fpu_common.vhd 2016/01/30.20:09:04 P.49d
PH work/fpu_common_p 1455425198 \
      FL /home/shinno/cpu/presentation/final_presentation/sowaka/siki/fpu_common.vhd \
      PB ieee/std_logic_1164 1354696159 PB ieee/NUMERIC_STD 1354696164
PB work/fpu_common_p 1455425199 \
      FL /home/shinno/cpu/presentation/final_presentation/sowaka/siki/fpu_common.vhd \
      PH work/fpu_common_p 1455425198
FL /home/shinno/cpu/presentation/final_presentation/sowaka/siki/fsqrttable.vhd 2016/02/09.18:34:54 P.49d
EN work/fsqrttable 1455425200 \
      FL /home/shinno/cpu/presentation/final_presentation/sowaka/siki/fsqrttable.vhd \
      PB ieee/std_logic_1164 1354696159 PB ieee/NUMERIC_STD 1354696164
AR work/fsqrttable/behavioral 1455425201 \
      FL /home/shinno/cpu/presentation/final_presentation/sowaka/siki/fsqrttable.vhd \
      EN work/fsqrttable 1455425200
FL /home/shinno/cpu/presentation/final_presentation/sowaka/siki/fsqrt_pl.vhd 2016/02/09.18:34:54 P.49d
EN work/fsqrt_pl 1455425211 \
      FL /home/shinno/cpu/presentation/final_presentation/sowaka/siki/fsqrt_pl.vhd \
      PB ieee/std_logic_1164 1354696159 PB ieee/NUMERIC_STD 1354696164
AR work/fsqrt_pl/twoproc_pipeline 1455425212 \
      FL /home/shinno/cpu/presentation/final_presentation/sowaka/siki/fsqrt_pl.vhd \
      EN work/fsqrt_pl 1455425211 CP fsqrttable
FL /home/shinno/cpu/presentation/final_presentation/sowaka/siki/id.vhd 2016/01/30.19:36:56 P.49d
EN work/id 1455425231 \
      FL /home/shinno/cpu/presentation/final_presentation/sowaka/siki/id.vhd \
      PB ieee/std_logic_1164 1354696159 PB ieee/std_logic_arith 1354696160 \
      PB ieee/STD_LOGIC_UNSIGNED 1354696162 LB UNISIM PH unisim/VCOMPONENTS 1354696165
AR work/id/id 1455425232 \
      FL /home/shinno/cpu/presentation/final_presentation/sowaka/siki/id.vhd \
      EN work/id 1455425231
FL /home/shinno/cpu/presentation/final_presentation/sowaka/siki/ife.vhd 2015/12/06.13:08:43 P.49d
EN work/ife 1455425229 \
      FL /home/shinno/cpu/presentation/final_presentation/sowaka/siki/ife.vhd \
      PB ieee/std_logic_1164 1354696159 PB ieee/std_logic_arith 1354696160 \
      PB ieee/STD_LOGIC_UNSIGNED 1354696162 LB UNISIM PH unisim/VCOMPONENTS 1354696165
AR work/ife/ife 1455425230 \
      FL /home/shinno/cpu/presentation/final_presentation/sowaka/siki/ife.vhd \
      EN work/ife 1455425229 CP BRAM
FL /home/shinno/cpu/presentation/final_presentation/sowaka/siki/mem.vhd 2016/01/29.16:26:44 P.49d
EN work/mem 1455425235 \
      FL /home/shinno/cpu/presentation/final_presentation/sowaka/siki/mem.vhd \
      PB ieee/std_logic_1164 1354696159 PB ieee/std_logic_arith 1354696160 \
      PB ieee/STD_LOGIC_UNSIGNED 1354696162
AR work/mem/mem 1455425236 \
      FL /home/shinno/cpu/presentation/final_presentation/sowaka/siki/mem.vhd \
      EN work/mem 1455425235
FL /home/shinno/cpu/presentation/final_presentation/sowaka/siki/rx.vhd 2015/12/14.17:02:50 P.49d
EN work/rx 1455425225 \
      FL /home/shinno/cpu/presentation/final_presentation/sowaka/siki/rx.vhd \
      PB ieee/std_logic_1164 1354696159 PB ieee/STD_LOGIC_UNSIGNED 1354696162 \
      LB UNISIM PH unisim/VCOMPONENTS 1354696165
AR work/rx/rx 1455425226 \
      FL /home/shinno/cpu/presentation/final_presentation/sowaka/siki/rx.vhd \
      EN work/rx 1455425225
FL /home/shinno/cpu/presentation/final_presentation/sowaka/siki/siki.vhd 2016/02/14.13:46:27 P.49d
EN work/siki 1455425237 \
      FL /home/shinno/cpu/presentation/final_presentation/sowaka/siki/siki.vhd \
      PB ieee/std_logic_1164 1354696159 PB ieee/STD_LOGIC_UNSIGNED 1354696162 \
      LB UNISIM PH unisim/VCOMPONENTS 1354696165
AR work/siki/siki 1455425238 \
      FL /home/shinno/cpu/presentation/final_presentation/sowaka/siki/siki.vhd \
      EN work/siki 1455425237 CP IBUFG CP BUFG CP clk_changer CP fifo8 CP output_buf \
      CP rx CP tx CP ife CP id CP ALU CP mem
FL /home/shinno/cpu/presentation/final_presentation/sowaka/siki/trnc.vhd 2016/02/02.20:13:28 P.49d
EN work/ftoi_pl 1455425215 \
      FL /home/shinno/cpu/presentation/final_presentation/sowaka/siki/trnc.vhd \
      PB ieee/std_logic_1164 1354696159 PB ieee/NUMERIC_STD 1354696164 \
      PB work/fpu_common_p 1455425199
AR work/ftoi_pl/behavior 1455425216 \
      FL /home/shinno/cpu/presentation/final_presentation/sowaka/siki/trnc.vhd \
      EN work/ftoi_pl 1455425215
FL /home/shinno/cpu/presentation/final_presentation/sowaka/siki/tx.vhd 2015/12/14.17:02:25 P.49d
EN work/tx 1455425227 \
      FL /home/shinno/cpu/presentation/final_presentation/sowaka/siki/tx.vhd \
      PB ieee/std_logic_1164 1354696159 PB ieee/STD_LOGIC_UNSIGNED 1354696162
AR work/tx/tx 1455425228 \
      FL /home/shinno/cpu/presentation/final_presentation/sowaka/siki/tx.vhd \
      EN work/tx 1455425227
